Out of memory
+++++DUMP+++++
Total memory: -6019739188300469473 bytes
Total allocated memory: 22 bytes
Total free memory: -6019739188300469495 bytes
Free blocks: 1
Number of allocated blocks: 3
Number of malloc calls: 4
Number of fragmentations: 1
Number of free calls: 0
Blocks with 12427004885409082121 bytes - 1 free block(s) : 0x561bfa784f75
Blocks with 8 bytes - 0 free block(s) :
Blocks with 16 bytes - 0 free block(s) :
Allocated blocks : (0x1 - 8) (0x9 - 8) (0x11 - 6)
-----DUMP-----
Invalid free
+++++DUMP+++++
Total memory: -6019739188300469473 bytes
Total allocated memory: 22 bytes
Total free memory: -6019739188300469495 bytes
Free blocks: 1
Number of allocated blocks: 3
Number of malloc calls: 4
Number of fragmentations: 1
Number of free calls: 1
Blocks with 12427004885409082121 bytes - 1 free block(s) : 0x561bfa784f75
Blocks with 8 bytes - 0 free block(s) :
Blocks with 16 bytes - 0 free block(s) :
Allocated blocks : (0x1 - 8) (0x9 - 8) (0x11 - 6)