+++++DUMP+++++
Total memory: 32 bytes
Total allocated memory: 32 bytes
Total free memory: 0 bytes
Free blocks: 0
Number of allocated blocks: 3
Number of malloc calls: 3
Number of fragmentations: 0
Number of free calls: 0
Blocks with 8 bytes - 0 free block(s) :
Blocks with 16 bytes - 0 free block(s) :
Allocated blocks : (0xbeff - 16) (0xbeef - 8) (0xbef7 - 8)
-----DUMP-----
