+++++DUMP+++++
Total memory: 7586565991184432648 bytes
Total allocated memory: 27 bytes
Total free memory: 7586565991184432621 bytes
Free blocks: 1
Number of allocated blocks: 4
Number of malloc calls: 4
Number of fragmentations: 2
Number of free calls: 0
Blocks with 8 bytes - 0 free block(s) :
Blocks with 16 bytes - 0 free block(s) :
Blocks with 7586565991184432620 bytes - 0 free block(s) :
Blocks with 7586565991184432621 bytes - 1 free block(s) : 0x558ee9ef19e5
Allocated blocks : (0x1 - 8) (0x9 - 8) (0x11 - 6) (0x558ee9ef1336 - 5)
-----DUMP-----
+++++DUMP+++++
Total memory: 7586565991184432648 bytes
Total allocated memory: 21 bytes
Total free memory: 7586565991184432627 bytes
Free blocks: 2
Number of allocated blocks: 3
Number of malloc calls: 4
Number of fragmentations: 2
Number of free calls: 1
Blocks with 6 bytes - 1 free block(s) : 0x11
Blocks with 8 bytes - 0 free block(s) :
Blocks with 16 bytes - 0 free block(s) :
Blocks with 7586565991184432620 bytes - 0 free block(s) :
Blocks with 7586565991184432621 bytes - 1 free block(s) : 0x558ee9ef19e5
Allocated blocks : (0x1 - 8) (0x9 - 8) (0x558ee9ef1336 - 5)
-----DUMP-----
Invalid free
+++++DUMP+++++
Total memory: 7586565991184432648 bytes
Total allocated memory: 21 bytes
Total free memory: 7586565991184432627 bytes
Free blocks: 2
Number of allocated blocks: 3
Number of malloc calls: 4
Number of fragmentations: 2
Number of free calls: 2
Blocks with 6 bytes - 1 free block(s) : 0x11
Blocks with 8 bytes - 0 free block(s) :
Blocks with 16 bytes - 0 free block(s) :
Blocks with 7586565991184432620 bytes - 0 free block(s) :
Blocks with 7586565991184432621 bytes - 1 free block(s) : 0x558ee9ef19e5
Allocated blocks : (0x1 - 8) (0x9 - 8) (0x558ee9ef1336 - 5)
-----DUMP-----
