Invalid free
Invalid free
Invalid free
Invalid free
Invalid free
Invalid free
Invalid free
Invalid free
Invalid free
Invalid free
Invalid free
Invalid free
Invalid free
Invalid free
Invalid free
Invalid free
Invalid free
Invalid free
Invalid free
Invalid free
Invalid free
Invalid free
Invalid free
Invalid free
Invalid free
Invalid free
Invalid free
Invalid free
Invalid free
Invalid free
Invalid free
Invalid free
Invalid free
Invalid free
Invalid free
Invalid free
Invalid free
Invalid free
Invalid free
Invalid free
Invalid free
Invalid free
Invalid free
Invalid free
Invalid free
Invalid free
Invalid free
Invalid free
Invalid free
Invalid free
Invalid free
Invalid free
Invalid free
Invalid free
Invalid free
Invalid free
Invalid free
Invalid free
Invalid free
Invalid free
Invalid free
Invalid free
Invalid free
Invalid free
Invalid free
Invalid free
Invalid free
Invalid free
Invalid free
Invalid free
Invalid free
Invalid free
Invalid free
Invalid free
Invalid free
Invalid free
Invalid free
Invalid free
Invalid free
Invalid free
Invalid free
Invalid free
Invalid free
Invalid free
Invalid free
Invalid free
Invalid free
Invalid free
Invalid free
Invalid free
Invalid free
Invalid free
Invalid free
Invalid free
Invalid free
Invalid free
Invalid free
Invalid free
Invalid free
Invalid free
Invalid free
Invalid free
Invalid free
Invalid free
Invalid free
Invalid free
Invalid free
Invalid free
Invalid free
Invalid free
Invalid free
Invalid free
Invalid free
Invalid free
Invalid free
Invalid free
Invalid free
Invalid free
Invalid free
Invalid free
Invalid free
Invalid free
Invalid free
Invalid free
Invalid free
Invalid free
Invalid free
Invalid free
Invalid free
Invalid free
Invalid free
Invalid free
Invalid free
Invalid free
Invalid free
Invalid free
Invalid free
Invalid free
Invalid free
Invalid free
Invalid free
Invalid free
Invalid free
Invalid free
Invalid free
Invalid free
Invalid free
Invalid free
Invalid free
Invalid free
Invalid free
Invalid free
Invalid free
Invalid free
Invalid free
Invalid free
Invalid free
Invalid free
Invalid free
Invalid free
Invalid free
Invalid free
Invalid free
Invalid free
Invalid free
Invalid free
Invalid free
Invalid free
Invalid free
Invalid free
Invalid free
Invalid free
Invalid free
Invalid free
Invalid free
Invalid free
Invalid free
Invalid free
Invalid free
Invalid free
Invalid free
Invalid free
Invalid free
Invalid free
Invalid free
Invalid free
Invalid free
Invalid free
Invalid free
Invalid free
Invalid free
Invalid free
Invalid free
Invalid free
Invalid free
Invalid free
Invalid free
Invalid free
Invalid free
Invalid free
Invalid free
Invalid free
Invalid free
Invalid free
Invalid free
Invalid free
Invalid free
Invalid free
Invalid free
Invalid free
Invalid free
Invalid free
Invalid free
Invalid free
Invalid free
Invalid free
Invalid free
Invalid free
Invalid free
Invalid free
Invalid free
Invalid free
Invalid free
Invalid free
Invalid free
Invalid free
Invalid free
Invalid free
Invalid free
Invalid free
Invalid free
Invalid free
Invalid free
Invalid free
Invalid free
Invalid free
Invalid free
Invalid free
Invalid free
Invalid free
Invalid free
Invalid free
Invalid free
Invalid free
Invalid free
Invalid free
Invalid free
Invalid free
Invalid free
Invalid free
Invalid free
Invalid free
Invalid free
Invalid free
Invalid free
Invalid free
Invalid free
Invalid free
Invalid free
Invalid free
Invalid free
Invalid free
Invalid free
Invalid free
Invalid free
Invalid free
Invalid free
Invalid free
Invalid free
Invalid free
Invalid free
Invalid free
Invalid free
Invalid free
Invalid free
Invalid free
Invalid free
Invalid free
Invalid free
Invalid free
Invalid free
Invalid free
Invalid free
Invalid free
Invalid free
Invalid free
Invalid free
Invalid free
Invalid free
Invalid free
Invalid free
Invalid free
Invalid free
Invalid free
Invalid free
Invalid free
Invalid free
Invalid free
Invalid free
Invalid free
Invalid free
Invalid free
Invalid free
Invalid free
Invalid free
Invalid free
Invalid free
Invalid free
Invalid free
Invalid free
Invalid free
Invalid free
Invalid free
Invalid free
Invalid free
Invalid free
Invalid free
Invalid free
Invalid free
Invalid free
Invalid free
Invalid free
Invalid free
Invalid free
Invalid free
Invalid free
Invalid free
Invalid free
Invalid free
Invalid free
Invalid free
Invalid free
Invalid free
Invalid free
Invalid free
Invalid free
Invalid free
Invalid free
Invalid free
Invalid free
Invalid free
Invalid free
Invalid free
Invalid free
Invalid free
Invalid free
Invalid free
Invalid free
Invalid free
Invalid free
Invalid free
Invalid free
Invalid free
Invalid free
Invalid free
Invalid free
Invalid free
Invalid free
Invalid free
Invalid free
Invalid free
Invalid free
Invalid free
Invalid free
Invalid free
Invalid free
Invalid free
Invalid free
Invalid free
Invalid free
Invalid free
Invalid free
Invalid free
Invalid free
Invalid free
Invalid free
Invalid free
Invalid free
Invalid free
Invalid free
Invalid free
Invalid free
Invalid free
Invalid free
Invalid free
Invalid free
Invalid free
Invalid free
Invalid free
Invalid free
Invalid free
Invalid free
Invalid free
Invalid free
Invalid free
Invalid free
Invalid free
Invalid free
Invalid free
Invalid free
Invalid free
Invalid free
Invalid free
Invalid free
Invalid free
Invalid free
Invalid free
Invalid free
Invalid free
Invalid free
Invalid free
Invalid free
Invalid free
Invalid free
Invalid free
Invalid free
Invalid free
Invalid free
Invalid free
Invalid free
Invalid free
Invalid free
Invalid free
Invalid free
Invalid free
Invalid free
Invalid free
Invalid free
Invalid free
Invalid free
Invalid free
Invalid free
Invalid free
Invalid free
Invalid free
Invalid free
Invalid free
Invalid free
Invalid free
Invalid free
Invalid free
Invalid free
Invalid free
Invalid free
Invalid free
Invalid free
Invalid free
Invalid free
Invalid free
Invalid free
Invalid free
Invalid free
Invalid free
Invalid free
Invalid free
Invalid free
Invalid free
Invalid free
Invalid free
Invalid free
Invalid free
Invalid free
Invalid free
Invalid free
Invalid free
Invalid free
Invalid free
Invalid free
Invalid free
Invalid free
Invalid free
Invalid free
Invalid free
Invalid free
Invalid free
Invalid free
Invalid free
Invalid free
Invalid free
Invalid free
Invalid free
Invalid free
Invalid free
Invalid free
Invalid free
Invalid free
Invalid free
Invalid free
Invalid free
Invalid free
Invalid free
Invalid free
Invalid free
Invalid free
Invalid free
Invalid free
Invalid free
Invalid free
Invalid free
Invalid free
Invalid free
Invalid free
Invalid free
Invalid free
Invalid free
Invalid free
Invalid free
Invalid free
Invalid free
Invalid free
Invalid free
Invalid free
Invalid free
Invalid free
Invalid free
Invalid free
Invalid free
Invalid free
Invalid free
Invalid free
Invalid free
Invalid free
Invalid free
Invalid free
Invalid free
Invalid free
Invalid free
Invalid free
Invalid free
Invalid free
Invalid free
Invalid free
Invalid free
Invalid free
Invalid free
Invalid free
Invalid free
Invalid free
Invalid free
Invalid free
Invalid free
Invalid free
Invalid free
Invalid free
Invalid free
Invalid free
Invalid free
Invalid free
Invalid free
Invalid free
Invalid free
Invalid free
Invalid free
Invalid free
Invalid free
Invalid free
Invalid free
Invalid free
Invalid free
Invalid free
Invalid free
Invalid free
Invalid free
Invalid free
Invalid free
Invalid free
Invalid free
Invalid free
Invalid free
Invalid free
Invalid free
Invalid free
Invalid free
Invalid free
Invalid free
Invalid free
Invalid free
Invalid free
Invalid free
Invalid free
Invalid free
Invalid free
Invalid free
Invalid free
Invalid free
Invalid free
Invalid free
Invalid free
Invalid free
Invalid free
Invalid free
Invalid free
Invalid free
Invalid free
Invalid free
Invalid free
Invalid free
Invalid free
Invalid free
Invalid free
Invalid free
Invalid free
Invalid free
Invalid free
Invalid free
Invalid free
Invalid free
Invalid free
Invalid free
Invalid free
Invalid free
Invalid free
Invalid free
Invalid free
Invalid free
Invalid free
Invalid free
Invalid free
Invalid free
Invalid free
Invalid free
Invalid free
Invalid free
Invalid free
Invalid free
Invalid free
Invalid free
Invalid free
Invalid free
Invalid free
Invalid free
Invalid free
Invalid free
Invalid free
Invalid free
Invalid free
Invalid free
Invalid free
Invalid free
Invalid free
Invalid free
Invalid free
Invalid free
Invalid free
Invalid free
Invalid free
Invalid free
Invalid free
Invalid free
Invalid free
Invalid free
Invalid free
Invalid free
Invalid free
Invalid free
Invalid free
Invalid free
Invalid free
Invalid free
Invalid free
Invalid free
Invalid free
Invalid free
Invalid free
Invalid free
Invalid free
Invalid free
Invalid free
Invalid free
Invalid free
Invalid free
Invalid free
Invalid free
Invalid free
Invalid free
Invalid free
Invalid free
Invalid free
Invalid free
Invalid free
Invalid free
Invalid free
Invalid free
Invalid free
Invalid free
Invalid free
Invalid free
Invalid free
Invalid free
Invalid free
Invalid free
Invalid free
Invalid free
Invalid free
Invalid free
Invalid free
Invalid free
Invalid free
Invalid free
Invalid free
Invalid free
Invalid free
Invalid free
Invalid free
Invalid free
Invalid free
Invalid free
Invalid free
Invalid free
Invalid free
Invalid free
Invalid free
Invalid free
Invalid free
Invalid free
Invalid free
Invalid free
Invalid free
Invalid free
Invalid free
Invalid free
Invalid free
Invalid free
Invalid free
Invalid free
Invalid free
Invalid free
Invalid free
Invalid free
Invalid free
Invalid free
Invalid free
Invalid free
Invalid free
Invalid free
Invalid free
Invalid free
Invalid free
Invalid free
Invalid free
Invalid free
Invalid free
Invalid free
Invalid free
Invalid free
Invalid free
Invalid free
Invalid free
Invalid free
Invalid free
Invalid free
Invalid free
Invalid free
Invalid free
Invalid free
Invalid free
Invalid free
Invalid free
Invalid free
Invalid free
Invalid free
Invalid free
Invalid free
Invalid free
Invalid free
Invalid free
Invalid free
Invalid free
Invalid free
Invalid free
Invalid free
Invalid free
Invalid free
Invalid free
Invalid free
Invalid free
Invalid free
Invalid free
Invalid free
Invalid free
Invalid free
Invalid free
Invalid free
Invalid free
Invalid free
Invalid free
Invalid free
Invalid free
Invalid free
Invalid free
Invalid free
Invalid free
Invalid free
Invalid free
Invalid free
Invalid free
Invalid free
Invalid free
Invalid free
Invalid free
Invalid free
Invalid free
Invalid free
Invalid free
Invalid free
Invalid free
Invalid free
Invalid free
Invalid free
Invalid free
Invalid free
Invalid free
Invalid free
Invalid free
Invalid free
Invalid free
Invalid free
Invalid free
Invalid free
Invalid free
Invalid free
Invalid free
Invalid free
Invalid free
Invalid free
Invalid free
Invalid free
Invalid free
Invalid free
Invalid free
Invalid free
Invalid free
Invalid free
Invalid free
Invalid free
Invalid free
Invalid free
Invalid free
Invalid free
Invalid free
Invalid free
Invalid free
Invalid free
Invalid free
Invalid free
Invalid free
Invalid free
Invalid free
Invalid free
Invalid free
Invalid free
Invalid free
Invalid free
Invalid free
Invalid free
Invalid free
Invalid free
Invalid free
Invalid free
Invalid free
Invalid free
Invalid free
Invalid free
Invalid free
Invalid free
Invalid free
Invalid free
Invalid free
Invalid free
Invalid free
Invalid free
Invalid free
Invalid free
Invalid free
Invalid free
Invalid free
Invalid free
Invalid free
Invalid free
Invalid free
Invalid free
Invalid free
Invalid free
Invalid free
Invalid free
Invalid free
Invalid free
Invalid free
Invalid free
Invalid free
Invalid free
Invalid free
Invalid free
Invalid free
Invalid free
Invalid free
Invalid free
Invalid free
Invalid free
Invalid free
Invalid free
Invalid free
Invalid free
Invalid free
Invalid free
Invalid free
Invalid free
Invalid free
Invalid free
Invalid free
Invalid free
Invalid free
Invalid free
Invalid free
Invalid free
Invalid free
Invalid free
Invalid free
Invalid free
Invalid free
Invalid free
Invalid free
Invalid free
Invalid free
Invalid free
Invalid free
Invalid free
Invalid free
Invalid free
Invalid free
Invalid free
Invalid free
Invalid free
Invalid free
Invalid free
Invalid free
Invalid free
Invalid free
Invalid free
Invalid free
Invalid free
Invalid free
Invalid free
Invalid free
Invalid free
Invalid free
Invalid free
Invalid free
Invalid free
Invalid free
Invalid free
Invalid free
Invalid free
Invalid free
Invalid free
Invalid free
Invalid free
Invalid free
Invalid free
Invalid free
Invalid free
Invalid free
Invalid free
Invalid free
Invalid free
Invalid free
Invalid free
Invalid free
Invalid free
Invalid free
Invalid free
Invalid free
Invalid free
Invalid free
Invalid free
Invalid free
Invalid free
Invalid free
Invalid free
Invalid free
Invalid free
Invalid free
Invalid free
Invalid free
Invalid free
Invalid free
Invalid free
Invalid free
Invalid free
Invalid free
Invalid free
Invalid free
Invalid free
Invalid free
Invalid free
Invalid free
Invalid free
Invalid free
Invalid free
Invalid free
Invalid free
Invalid free
Invalid free
Invalid free
Invalid free
Invalid free
Invalid free
Invalid free
Invalid free
Invalid free
Invalid free
Invalid free
Invalid free
Invalid free
Invalid free
Invalid free
Invalid free
Invalid free
Invalid free
Invalid free
Invalid free
Invalid free
Invalid free
Invalid free
Invalid free
Invalid free
Invalid free
Invalid free
Invalid free
Invalid free
Invalid free
Invalid free
Invalid free
Invalid free
Invalid free
Invalid free
Invalid free
Invalid free
Invalid free
Invalid free
Invalid free
Invalid free
Invalid free
Invalid free
Invalid free
Invalid free
Invalid free
Invalid free
Invalid free
Invalid free
Invalid free
Invalid free
Invalid free
Invalid free
Invalid free
Invalid free
Invalid free
Invalid free
Invalid free
Invalid free
Invalid free
Invalid free
Invalid free
Invalid free
Invalid free
Invalid free
Invalid free
Invalid free
Invalid free
Invalid free
Invalid free
Invalid free
Invalid free
Invalid free
Invalid free
Invalid free
Invalid free
Invalid free
Invalid free
Invalid free
Invalid free
Invalid free
Invalid free
Invalid free
Invalid free
Invalid free
Invalid free
Invalid free
Invalid free
Invalid free
Invalid free
Invalid free
Invalid free
Invalid free
Invalid free
Invalid free
Invalid free
Invalid free
Invalid free
Invalid free
Invalid free
Invalid free
Invalid free
Invalid free
Invalid free
Invalid free
Invalid free
Invalid free
Invalid free
Invalid free
Invalid free
Invalid free
Invalid free
Invalid free
Invalid free
Invalid free
Invalid free
Invalid free
Invalid free
Invalid free
Invalid free
Invalid free
Invalid free
Invalid free
Invalid free
Invalid free
Invalid free
Invalid free
Invalid free
Invalid free
Invalid free
Invalid free
Invalid free
Invalid free
Invalid free
Invalid free
Invalid free
Invalid free
Invalid free
Invalid free
Invalid free
Invalid free
Invalid free
Invalid free
Invalid free
Invalid free
Invalid free
Invalid free
Invalid free
Invalid free
Invalid free
Invalid free
Invalid free
Invalid free
Invalid free
Invalid free
Invalid free
Invalid free
Invalid free
Invalid free
Invalid free
Invalid free
Invalid free
Invalid free
Invalid free
Invalid free
Invalid free
Invalid free
Invalid free
Invalid free
Invalid free
Invalid free
Invalid free
Invalid free
Invalid free
Invalid free
Invalid free
Invalid free
Invalid free
Invalid free
Invalid free
Invalid free
Invalid free
Invalid free
Invalid free
Invalid free
Invalid free
Invalid free
Invalid free
Invalid free
Invalid free
Invalid free
Invalid free
Invalid free
Invalid free
Invalid free
Invalid free
Invalid free
Invalid free
Invalid free
Invalid free
Invalid free
Invalid free
Invalid free
Invalid free
Invalid free
Invalid free
Invalid free
Invalid free
Invalid free
Invalid free
Invalid free
Invalid free
Invalid free
Invalid free
Invalid free
Invalid free
Invalid free
Invalid free
Invalid free
Invalid free
Invalid free
Invalid free
Invalid free
Invalid free
Invalid free
Invalid free
Invalid free
Invalid free
Invalid free
Invalid free
Invalid free
Invalid free
Invalid free
Invalid free
Invalid free
Invalid free
Invalid free
Invalid free
Invalid free
Invalid free
Invalid free
Invalid free
Invalid free
Invalid free
Invalid free
Invalid free
Invalid free
Invalid free
Invalid free
Invalid free
Invalid free
Invalid free
Invalid free
Invalid free
Invalid free
Invalid free
Invalid free
Invalid free
Invalid free
Invalid free
Invalid free
Invalid free
Invalid free
Invalid free
Invalid free
Invalid free
Invalid free
Invalid free
Invalid free
Invalid free
Invalid free
Invalid free
Invalid free
Invalid free
Invalid free
Invalid free
Invalid free
Invalid free
+++++DUMP+++++
Total memory: -8958404769434154284 bytes
Total allocated memory: 1279 bytes
Total free memory: -8958404769434155563 bytes
Free blocks: 63
Number of allocated blocks: 1
Number of malloc calls: 1280
Number of fragmentations: 1280
Number of free calls: 1280
Blocks with 1 bytes - 1 free block(s) : 0x1
Blocks with 8 bytes - 0 free block(s) :
Blocks with 16 bytes - 0 free block(s) :
Blocks with 32 bytes - 0 free block(s) :
Blocks with 64 bytes - 0 free block(s) :
Blocks with 128 bytes - 0 free block(s) :
Blocks with 3425847163146459094 bytes - 62 free block(s) : 0x55d4741c8522 0x55d4741c8562 0x55d4741c8622 0x55d4741c8662 0x55d4741c86a2 0x55d4741c86e2 0x55d4741c8722 0x55d4741c8762 0x55d4741c87a2 0x55d4741c87e2 0x55d4741c8822 0x55d4741c8862 0x55d4741c88a2 0x55d4741c88e2 0x55d4741c8922 0x55d4741c8962 0x55d4741c89a2 0x55d4741c89e2 0x55d4741c8a22 0x55d4741c8a62 0x55d4741c8aa2 0x55d4741c8ae2 0x55d4741c8b22 0x55d4741c8b62 0x55d4741c8ba2 0x55d4741c8be2 0x55d4741c8c22 0x55d4741c8c62 0x55d4741c8ca2 0x55d4741c8ce2 0x55d4741c8d12 0x55d4741c8da2 0x55d4741c8de2 0x55d4741c8e12 0x55d4741c8e52 0x55d4741c8e92 0x55d4741c8ed2 0x55d4741c8f12 0x55d4741c8f52 0x55d4741c8f92 0x55d4741c8fd2 0x55d4741cb013 0x55d4741cb053 0x55d4741cb093 0x55d4741cb0d3 0x55d4741cb153 0x55d4741cb193 0x55d4741cb1d3 0x55d4741cb203 0x55d4741cb243 0x55d4741cb283 0x55d4741cb303 0x55d4741cb343 0x55d4741cb383 0x55d4741cb3c3 0x55d4741cb433 0x55d4741cb4c3 0x55d4741cb573 0x55d4741cb5b3 0x55d4741cb5f3 0x55d4741cb663 0x55d4741cb6a3
Allocated blocks : (0x55d4741c8522 - 1217)
-----DUMP-----
